[www.codewithharry.com/index.html]
[www.codewithharry.com/img/favicon.ico]
[pagead2.googlesyndication.com/pagead/js/fa428.txt]
[backblue.gif]
[fade.gif]
[index.html]
[www.codewithharry.com/_next/static/css/6821fa7ef8c5613f.css]
[www.codewithharry.com/_next/static/css/470c5e8db7cdc7e9.css]
[www.codewithharry.com/_next/static/chunks/polyfills-5cd94c89d3acac5f.js]
[www.codewithharry.com/_next/static/chunks/webpack-aa5f8a4aef2cce9e.js]
[www.codewithharry.com/_next/static/chunks/framework-a87821de553db91d.js]
[www.codewithharry.com/_next/static/chunks/main-49d106e7eacac86b.js]
[www.codewithharry.com/_next/static/chunks/pages/_app-caa768222e2d508d.js]
[www.codewithharry.com/_next/static/chunks/10-5d256216d58885d9.js]
[www.codewithharry.com/_next/static/chunks/pages/index-2eb23443eb493791.js]
[www.codewithharry.com/_next/static/EEfO8iQLEnra2ikrRgxVI/_buildManifest.js]
[www.codewithharry.com/_next/static/EEfO8iQLEnra2ikrRgxVI/_ssgManifest.js]
[www.codewithharry.com/_next/static/EEfO8iQLEnra2ikrRgxVI/_middlewareManifest.js]
[www.codewithharry.com/videos/index.html]
[www.codewithharry.com/tutorials/index.html]
[www.codewithharry.com/blog/index.html]
[www.codewithharry.com/index.html]
[www.codewithharry.com/_next/static/css/6821fa7ef8c5613f.css]
[www.codewithharry.com/notes/index.html]
[www.codewithharry.com/_next/static/css/470c5e8db7cdc7e9.css]
[www.codewithharry.com/contact/index.html]
[www.codewithharry.com/my-gear/index.html]
[www.codewithharry.com/work/index.html]
[www.codewithharry.com/tutorial/html-home/index.html]
[www.codewithharry.com/_next/static/chunks/d64684d8-455a614eb9258ac5.js]
[www.codewithharry.com/tutorial/js/index.html]
[www.codewithharry.com/tutorial/css-home/index.html]
[www.codewithharry.com/tutorial/c/index.html]
[www.codewithharry.com/videos/index.html]
[www.codewithharry.com/_next/static/chunks/pages/videos-0b890c54564c26a2.js]
[www.codewithharry.com/tutorial/cplusplus/index.html]
[www.codewithharry.com/tutorial/python/index.html]
[www.codewithharry.com/tutorial/java/index.html]
[www.codewithharry.com/_next/static/chunks/pages/tutorials-5a4a0e46958de5d2.js]
[www.codewithharry.com/tutorial/php/index.html]
[www.codewithharry.com/img/notes/python.webp]
[www.codewithharry.com/tutorial/react-home/index.html]
[www.codewithharry.com/_https_/images.unsplash.com/photo-1498050108023-c5249f4df085/index82e7.html]
[www.codewithharry.com/img/notes/c.webp]
[www.codewithharry.com/_next/image/index2d10.html]
[www.codewithharry.com/_next/image/indexb97d.html]
[www.codewithharry.com/_next/image/index6a30.html]
[www.codewithharry.com/_next/image/index1cb1.html]
[www.codewithharry.com/img/notes/cpp.webp]
[www.codewithharry.com/img/notes/java.webp]
[www.codewithharry.com/_next/image/index0674.html]
[www.codewithharry.com/_next/image/index2390.html]
[www.codewithharry.com/_next/image/index3b1a.html]
[www.codewithharry.com/img/notes/html.webp]
[www.codewithharry.com/_next/image/index8d4d.html]
[www.codewithharry.com/_next/image/index1484.html]
[www.codewithharry.com/img/notes/css.webp]
[www.codewithharry.com/_next/image/index9664.html]
[www.codewithharry.com/_next/image/index4780.html]
[www.codewithharry.com/img/notes/js.webp]
[www.codewithharry.com/_next/image/indexbe54.html]
[www.codewithharry.com/img/notes/php.webp]
[www.codewithharry.com/img/notes/reactjs.webp]
[www.codewithharry.com/tutorials/index.html]
[www.codewithharry.com/_next/image/indexdd43.html]
[www.codewithharry.com/_next/image/indexffe4.html]
[www.codewithharry.com/_next/image/index0f8b.html]
[www.codewithharry.com/_next/image/index0760.html]
[www.codewithharry.com/blog/index.html]
[www.codewithharry.com/_next/static/chunks/pages/blog-3a2e7b7d805744ed.js]
[www.codewithharry.com/_next/image/index1e5c.html]
[www.codewithharry.com/_next/image/indexa509.html]
[www.codewithharry.com/_next/image/index1f18.html]
[www.codewithharry.com/_next/image/index247c.html]
[www.codewithharry.com/_next/static/chunks/pages/notes-7364785de4f694c9.js]
[www.codewithharry.com/img/notes/android.webp]
[www.codewithharry.com/_next/image/index1ddc.html]
[www.codewithharry.com/_next/image/index57cf.html]
[www.codewithharry.com/img/notes/dsa.webp]
[www.codewithharry.com/notes/index.html]
[www.codewithharry.com/_next/image/index905a.html]
[www.codewithharry.com/_next/image/indexcefd.html]
[www.codewithharry.com/_next/image/index9116.html]
[www.codewithharry.com/_next/image/indexcd41.html]
[www.codewithharry.com/_next/static/chunks/1bfc9850-e8165900d141b57d.js]
[www.codewithharry.com/_next/static/chunks/pages/contact-49d71888c5e175b6.js]
[www.codewithharry.com/_next/image/indexe707.html]
[www.codewithharry.com/_next/image/indexbd7c.html]
[www.codewithharry.com/img/logo-blue.png]
[www.codewithharry.com/contact/index.html]
[www.codewithharry.com/_next/image/indexd266.html]
[www.codewithharry.com/_next/image/index611e.html]
[www.codewithharry.com/_next/image/indexe615.html]
[www.codewithharry.com/_next/image/index51fa.html]
[www.codewithharry.com/_next/static/chunks/pages/my-gear-10f4148ae2910e5d.js]
[www.codewithharry.com/_next/image/indexb412.html]
[www.codewithharry.com/img/gears/canon.webp]
[www.codewithharry.com/_next/image/index3d3a.html]
[www.codewithharry.com/img/gears/iphone.webp]
[www.codewithharry.com/img/gears/lenovo.webp]
[www.codewithharry.com/img/gears/yeti.webp]
[www.codewithharry.com/img/gears/snowball.webp]
[www.codewithharry.com/img/gears/boya.webp]
[www.codewithharry.com/img/gears/rode.webp]
[www.codewithharry.com/img/gears/ipad.webp]
[www.codewithharry.com/img/gears/macbook.webp]
[www.codewithharry.com/img/gears/asus.webp]
[www.codewithharry.com/img/gears/intel.webp]
[www.codewithharry.com/img/gears/nvidia.webp]
[www.codewithharry.com/img/gears/adata.webp]
[www.codewithharry.com/img/gears/msi.webp]
[www.codewithharry.com/img/gears/antec.webp]
[www.codewithharry.com/img/gears/nvme.webp]
[www.codewithharry.com/img/gears/case.webp]
[www.codewithharry.com/img/gears/cool.webp]
[www.codewithharry.com/img/gears/tvs.webp]
[www.codewithharry.com/img/gears/zeb.webp]
[www.codewithharry.com/img/gears/wd.webp]
[www.codewithharry.com/img/gears/table.webp]
[www.codewithharry.com/img/gears/chair.webp]
[www.codewithharry.com/img/gears/rest.webp]
[www.codewithharry.com/my-gear/index.html]
[www.codewithharry.com/_next/static/chunks/326-33339630886b4872.js]
[www.codewithharry.com/_next/static/chunks/853-4cd6e5853cc31f58.js]
[www.codewithharry.com/work/index.html]
[www.codewithharry.com/_next/static/chunks/pages/work-02550854ee65c510.js]
[www.codewithharry.com/_next/static/css/15f7f4f00b653c3e.css]
[www.codewithharry.com/_next/static/chunks/252f366e-ac7ed35b4498d11b.js]
[www.codewithharry.com/_next/static/chunks/545f34e4-c1135ceb05436843.js]
[www.codewithharry.com/_next/static/chunks/189-6914702db67ddc1d.js]
[www.codewithharry.com/tutorial/html-home/index.html]
[www.codewithharry.com/tutorial/css-home/index.html]
[www.codewithharry.com/tutorial/js/index.html]
[www.codewithharry.com/tutorial/c/index.html]
[www.codewithharry.com/tutorial/cplusplus/index.html]
[www.codewithharry.com/tutorial/java/index.html]
[www.codewithharry.com/tutorial/python/index.html]
[www.codewithharry.com/tutorial/php/index.html]
[www.codewithharry.com/tutorial/react-home/index.html]
[www.codewithharry.com/_https_/images.unsplash.com/photo-1498050108023-c5249f4df085/index82e7.html]
[www.codewithharry.com/_next/static/css/15f7f4f00b653c3e.css]
[www.codewithharry.com/_next/static/chunks/pages/tutorial/[slug]-492b7020d7ccd3ec.js]
